Copyright 1986-2019 Xilinx, Inc. All Rights Reserved.
---------------------------------------------------------------------------------------------
| Tool Version : Vivado v.2019.2 (win64) Build 2708876 Wed Nov  6 21:40:23 MST 2019
| Date         : Wed Apr 16 23:14:50 2025
| Host         : Ido running 64-bit major release  (build 9200)
| Command      : report_control_sets -verbose -file design_1_wrapper_control_sets_placed.rpt
| Design       : design_1_wrapper
| Device       : xc7a100t
---------------------------------------------------------------------------------------------

Control Set Information

Table of Contents
-----------------
1. Summary
2. Histogram
3. Flip-Flop Distribution
4. Detailed Control Set Information

1. Summary
----------

+----------------------------------------------------------+-------+
|                          Status                          | Count |
+----------------------------------------------------------+-------+
| Total control sets                                       |    18 |
|    Minimum number of control sets                        |    18 |
|    Addition due to synthesis replication                 |     0 |
|    Addition due to physical synthesis replication        |     0 |
| Unused register locations in slices containing registers |    59 |
+----------------------------------------------------------+-------+
* Control sets can be merged at opt_design using control_set_merge or merge_equivalent_drivers
** Run report_qor_suggestions for automated merging and remapping suggestions


2. Histogram
------------

+--------------------+-------+
|       Fanout       | Count |
+--------------------+-------+
| Total control sets |    18 |
| >= 0 to < 4        |     1 |
| >= 4 to < 6        |     0 |
| >= 6 to < 8        |     1 |
| >= 8 to < 10       |     1 |
| >= 10 to < 12      |     3 |
| >= 12 to < 14      |     3 |
| >= 14 to < 16      |     0 |
| >= 16              |     9 |
+--------------------+-------+
* Control sets can be remapped at either synth_design or opt_design


3. Flip-Flop Distribution
-------------------------

+--------------+-----------------------+------------------------+-----------------+--------------+
| Clock Enable | Synchronous Set/Reset | Asynchronous Set/Reset | Total Registers | Total Slices |
+--------------+-----------------------+------------------------+-----------------+--------------+
| No           | No                    | No                     |              60 |           39 |
| No           | No                    | Yes                    |               0 |            0 |
| No           | Yes                   | No                     |              12 |            3 |
| Yes          | No                    | No                     |              57 |           15 |
| Yes          | No                    | Yes                    |               0 |            0 |
| Yes          | Yes                   | No                     |             180 |           47 |
+--------------+-----------------------+------------------------+-----------------+--------------+


4. Detailed Control Set Information
-----------------------------------

+------------------------------------+----------------------------------------------------------------------------+-----------------------------------------------------------------------+------------------+----------------+
|            Clock Signal            |                                Enable Signal                               |                            Set/Reset Signal                           | Slice Load Count | Bel Load Count |
+------------------------------------+----------------------------------------------------------------------------+-----------------------------------------------------------------------+------------------+----------------+
|  clk_in1_IBUF                      |                                                                            |                                                                       |                2 |              2 |
|  design_1_i/clk_wiz_0/inst/clk_reg |                                                                            |                                                                       |                5 |              6 |
|  design_1_i/clk_wiz_0/inst/clk_reg | design_1_i/ov7670_controller_0/U0/Inst_ov7670_registers/busy_sr_reg[31][0] |                                                                       |                2 |              8 |
|  design_1_i/clk_wiz_0/inst/clk_reg | design_1_i/ov7670_controller_0/U0/Inst_i2c_sender/busy_sr0                 | design_1_i/ov7670_controller_0/U0/Inst_i2c_sender/data_sr[30]_i_1_n_0 |                2 |             11 |
|  pclk_IBUF_BUFG                    | design_1_i/ovo_7670_caputre_0/U0/counter_row0                              | camera_v_sync_IBUF                                                    |                3 |             11 |
|  pclk_IBUF_BUFG                    | design_1_i/ovo_7670_caputre_0/U0/p_0_in_0                                  | design_1_i/ovo_7670_caputre_0/U0/counter_col[10]_i_1_n_0              |                4 |             11 |
|  design_1_i/clk_wiz_0/inst/clk_vga |                                                                            | design_1_i/vga_0/U0/eqOp21_in                                         |                3 |             12 |
|  design_1_i/clk_wiz_0/inst/clk_vga | design_1_i/vga_0/U0/bg_red0                                                | design_1_i/vga_0/U0/bg_red_0                                          |                6 |             12 |
|  design_1_i/clk_wiz_0/inst/clk_vga | design_1_i/vga_0/U0/eqOp21_in                                              | design_1_i/vga_0/U0/v_cnt0                                            |                3 |             12 |
|  design_1_i/clk_wiz_0/inst/clk_reg | design_1_i/ov7670_controller_0/U0/Inst_i2c_sender/E[0]                     | design_1_i/ov7670_controller_0/U0/Inst_ov7670_registers/resd          |                4 |             16 |
|  design_1_i/clk_wiz_0/inst/clk_vga | design_1_i/vga_0/U0/val_tmp                                                | design_1_i/vga_0/U0/clear                                             |                5 |             19 |
|  pclk_IBUF_BUFG                    | design_1_i/ovo_7670_caputre_0/U0/address                                   | camera_v_sync_IBUF                                                    |                5 |             19 |
|  design_1_i/clk_wiz_0/inst/clk_reg | design_1_i/ov7670_controller_0/U0/Inst_i2c_sender/busy_sr0                 |                                                                       |                4 |             21 |
|  pclk_IBUF_BUFG                    |                                                                            |                                                                       |               16 |             21 |
|  pclk_IBUF_BUFG                    | design_1_i/ovo_7670_caputre_0/U0/p_0_in1_in                                |                                                                       |                9 |             28 |
|  design_1_i/clk_wiz_0/inst/clk_reg | design_1_i/ov7670_controller_0/U0/Inst_i2c_sender/busy_sr0                 | design_1_i/ov7670_controller_0/U0/Inst_i2c_sender/busy_sr[31]_i_1_n_0 |                5 |             31 |
|  design_1_i/clk_wiz_0/inst/clk_vga |                                                                            |                                                                       |               16 |             31 |
|  design_1_i/clk_wiz_0/inst/clk_vga | design_1_i/vga_0/U0/ltOp_1                                                 | design_1_i/vga_0/U0/clear                                             |               10 |             38 |
+------------------------------------+----------------------------------------------------------------------------+-----------------------------------------------------------------------+------------------+----------------+


