#-----------------------------------------------------------
# Vivado v2019.2 (64-bit)
# SW Build 2708876 on Wed Nov  6 21:40:23 MST 2019
# IP Build 2700528 on Thu Nov  7 00:09:20 MST 2019
# Start of session at: Wed Apr 16 22:35:37 2025
# Process ID: 18280
# Current directory: C:/Users/idowe/myProjects/FPGA-image-interpolator/OV7670_VGA
# Command line: vivado.exe -gui_launcher_event rodinguilauncherevent23880 C:\Users\idowe\myProjects\FPGA-image-interpolator\OV7670_VGA\OV7670_VGA.xpr
# Log file: C:/Users/idowe/myProjects/FPGA-image-interpolator/OV7670_VGA/vivado.log
# Journal file: C:/Users/idowe/myProjects/FPGA-image-interpolator/OV7670_VGA\vivado.jou
#-----------------------------------------------------------
start_gui
open_project C:/Users/idowe/myProjects/FPGA-image-interpolator/OV7670_VGA/OV7670_VGA.xpr
Scanning sources...
Finished scanning sources
INFO: [IP_Flow 19-234] Refreshing IP repositories
INFO: [IP_Flow 19-1704] No user IP repositories specified
INFO: [IP_Flow 19-2313] Loaded Vivado IP repository 'C:/Xilinx/Vivado/2019.2/data/ip'.
open_project: Time (s): cpu = 00:00:11 ; elapsed = 00:00:06 . Memory (MB): peak = 972.004 ; gain = 292.469
update_module_reference design_1_ov7670_controller_0_0
INFO: [IP_Flow 19-5107] Inferred bus interface 'reset' of definition 'xilinx.com:signal:reset:1.0' (from Xilinx Repository).
INFO: [IP_Flow 19-5107] Inferred bus interface 'clk' of definition 'xilinx.com:signal:clock:1.0' (from Xilinx Repository).
INFO: [IP_Flow 19-4728] Bus Interface 'clk': Added interface parameter 'ASSOCIATED_RESET' with value 'reset'.
WARNING: [IP_Flow 19-3153] Bus Interface 'clk': ASSOCIATED_BUSIF bus parameter is missing.
INFO: [IP_Flow 19-234] Refreshing IP repositories
INFO: [IP_Flow 19-1704] No user IP repositories specified
Adding component instance block -- xilinx.com:module_ref:ov7670_controller:1.0 - ov7670_controller_0
Adding component instance block -- xilinx.com:module_ref:cntl:1.0 - cntl_0
Adding component instance block -- xilinx.com:module_ref:ovo_7670_caputre:1.0 - ovo_7670_caputre_0
Adding component instance block -- xilinx.com:module_ref:vga:1.0 - vga_0
Adding component instance block -- xilinx.com:module_ref:xlconstant:1.0 - xlconstant_0
Adding component instance block -- xilinx.com:ip:blk_mem_gen:8.4 - blk_mem_gen_0
Adding component instance block -- xilinx.com:ip:clk_wiz:6.0 - clk_wiz_0
WARNING: [BD 41-1731] Type mismatch between connected pins: /xlconstant_0/dout(undef) and /clk_wiz_0/reset(rst)
Successfully read diagram <design_1> from BD file <C:/Users/idowe/myProjects/FPGA-image-interpolator/OV7670_VGA/OV7670_VGA.srcs/sources_1/bd/design_1/design_1.bd>
Upgrading 'C:/Users/idowe/myProjects/FPGA-image-interpolator/OV7670_VGA/OV7670_VGA.srcs/sources_1/bd/design_1/design_1.bd'
INFO: [IP_Flow 19-1972] Upgraded design_1_ov7670_controller_0_0 from ov7670_controller_v1_0 1.0 to ov7670_controller_v1_0 1.0
Wrote  : <C:\Users\idowe\myProjects\FPGA-image-interpolator\OV7670_VGA\OV7670_VGA.srcs\sources_1\bd\design_1\design_1.bd> 
Wrote  : <C:/Users/idowe/myProjects/FPGA-image-interpolator/OV7670_VGA/OV7670_VGA.srcs/sources_1/bd/design_1/ui/bd_1f5defd0.ui> 
upgrade_ip: Time (s): cpu = 00:00:09 ; elapsed = 00:00:06 . Memory (MB): peak = 1224.719 ; gain = 68.262
update_module_reference: Time (s): cpu = 00:00:09 ; elapsed = 00:00:06 . Memory (MB): peak = 1224.719 ; gain = 68.262
update_module_reference design_1_cntl_0_0
INFO: [IP_Flow 19-5107] Inferred bus interface 'clk' of definition 'xilinx.com:signal:clock:1.0' (from Xilinx Repository).
WARNING: [IP_Flow 19-3153] Bus Interface 'clk': ASSOCIATED_BUSIF bus parameter is missing.
INFO: [IP_Flow 19-234] Refreshing IP repositories
INFO: [IP_Flow 19-1704] No user IP repositories specified
Upgrading 'C:/Users/idowe/myProjects/FPGA-image-interpolator/OV7670_VGA/OV7670_VGA.srcs/sources_1/bd/design_1/design_1.bd'
INFO: [IP_Flow 19-1972] Upgraded design_1_cntl_0_0 from cntl_v1_0 1.0 to cntl_v1_0 1.0
Wrote  : <C:\Users\idowe\myProjects\FPGA-image-interpolator\OV7670_VGA\OV7670_VGA.srcs\sources_1\bd\design_1\design_1.bd> 
Wrote  : <C:/Users/idowe/myProjects/FPGA-image-interpolator/OV7670_VGA/OV7670_VGA.srcs/sources_1/bd/design_1/ui/bd_1f5defd0.ui> 
update_module_reference design_1_ovo_7670_caputre_0_0
INFO: [IP_Flow 19-234] Refreshing IP repositories
INFO: [IP_Flow 19-1704] No user IP repositories specified
Upgrading 'C:/Users/idowe/myProjects/FPGA-image-interpolator/OV7670_VGA/OV7670_VGA.srcs/sources_1/bd/design_1/design_1.bd'
INFO: [IP_Flow 19-1972] Upgraded design_1_ovo_7670_caputre_0_0 from ovo_7670_caputre_v1_0 1.0 to ovo_7670_caputre_v1_0 1.0
Wrote  : <C:\Users\idowe\myProjects\FPGA-image-interpolator\OV7670_VGA\OV7670_VGA.srcs\sources_1\bd\design_1\design_1.bd> 
Wrote  : <C:/Users/idowe/myProjects/FPGA-image-interpolator/OV7670_VGA/OV7670_VGA.srcs/sources_1/bd/design_1/ui/bd_1f5defd0.ui> 
update_module_reference design_1_vga_0_0
INFO: [IP_Flow 19-5107] Inferred bus interface 'pix_clk' of definition 'xilinx.com:signal:clock:1.0' (from Xilinx Repository).
WARNING: [IP_Flow 19-3153] Bus Interface 'pix_clk': ASSOCIATED_BUSIF bus parameter is missing.
INFO: [IP_Flow 19-234] Refreshing IP repositories
INFO: [IP_Flow 19-1704] No user IP repositories specified
Upgrading 'C:/Users/idowe/myProjects/FPGA-image-interpolator/OV7670_VGA/OV7670_VGA.srcs/sources_1/bd/design_1/design_1.bd'
INFO: [IP_Flow 19-1972] Upgraded design_1_vga_0_0 from vga_v1_0 1.0 to vga_v1_0 1.0
Wrote  : <C:\Users\idowe\myProjects\FPGA-image-interpolator\OV7670_VGA\OV7670_VGA.srcs\sources_1\bd\design_1\design_1.bd> 
Wrote  : <C:/Users/idowe/myProjects/FPGA-image-interpolator/OV7670_VGA/OV7670_VGA.srcs/sources_1/bd/design_1/ui/bd_1f5defd0.ui> 
update_module_reference design_1_xlconstant_0_0
INFO: [IP_Flow 19-234] Refreshing IP repositories
INFO: [IP_Flow 19-1704] No user IP repositories specified
Upgrading 'C:/Users/idowe/myProjects/FPGA-image-interpolator/OV7670_VGA/OV7670_VGA.srcs/sources_1/bd/design_1/design_1.bd'
INFO: [IP_Flow 19-1972] Upgraded design_1_xlconstant_0_0 from xlconstant_v1_0 1.0 to xlconstant_v1_0 1.0
WARNING: [BD 41-1731] Type mismatch between connected pins: /clk_wiz_0/reset(rst) and /xlconstant_0_upgraded_ipi/dout(undef)
Wrote  : <C:\Users\idowe\myProjects\FPGA-image-interpolator\OV7670_VGA\OV7670_VGA.srcs\sources_1\bd\design_1\design_1.bd> 
Wrote  : <C:/Users/idowe/myProjects/FPGA-image-interpolator/OV7670_VGA/OV7670_VGA.srcs/sources_1/bd/design_1/ui/bd_1f5defd0.ui> 
update_compile_order -fileset sources_1
reset_run synth_1
launch_runs impl_1 -to_step write_bitstream -jobs 2
WARNING: [BD 41-2180] Resetting the memory initialization file of </blk_mem_gen_0> to default.
WARNING: [BD 41-927] Following properties on pin /ov7670_controller_0/clk have been updated from connected ip. They may not be synchronized with cell properties. You can set property on pin directly to confirm the value and resolve the warning.
	PHASE=0.0 
WARNING: [BD 41-927] Following properties on pin /vga_0/pix_clk have been updated from connected ip. They may not be synchronized with cell properties. You can set property on pin directly to confirm the value and resolve the warning.
	PHASE=0.0 
Wrote  : <C:\Users\idowe\myProjects\FPGA-image-interpolator\OV7670_VGA\OV7670_VGA.srcs\sources_1\bd\design_1\design_1.bd> 
VHDL Output written to : C:/Users/idowe/myProjects/FPGA-image-interpolator/OV7670_VGA/OV7670_VGA.srcs/sources_1/bd/design_1/synth/design_1.vhd
VHDL Output written to : C:/Users/idowe/myProjects/FPGA-image-interpolator/OV7670_VGA/OV7670_VGA.srcs/sources_1/bd/design_1/sim/design_1.vhd
VHDL Output written to : C:/Users/idowe/myProjects/FPGA-image-interpolator/OV7670_VGA/OV7670_VGA.srcs/sources_1/bd/design_1/hdl/design_1_wrapper.vhd
INFO: [BD 41-1029] Generation completed for the IP Integrator block ov7670_controller_0 .
INFO: [BD 41-1029] Generation completed for the IP Integrator block cntl_0 .
INFO: [BD 41-1029] Generation completed for the IP Integrator block ovo_7670_caputre_0 .
INFO: [BD 41-1029] Generation completed for the IP Integrator block vga_0 .
INFO: [BD 41-1029] Generation completed for the IP Integrator block xlconstant_0 .
INFO: [BD 41-1029] Generation completed for the IP Integrator block blk_mem_gen_0 .
INFO: [BD 41-1029] Generation completed for the IP Integrator block clk_wiz_0 .
Exporting to file C:/Users/idowe/myProjects/FPGA-image-interpolator/OV7670_VGA/OV7670_VGA.srcs/sources_1/bd/design_1/hw_handoff/design_1.hwh
Generated Block Design Tcl file C:/Users/idowe/myProjects/FPGA-image-interpolator/OV7670_VGA/OV7670_VGA.srcs/sources_1/bd/design_1/hw_handoff/design_1_bd.tcl
Generated Hardware Definition File C:/Users/idowe/myProjects/FPGA-image-interpolator/OV7670_VGA/OV7670_VGA.srcs/sources_1/bd/design_1/synth/design_1.hwdef
[Wed Apr 16 22:37:02 2025] Launched design_1_cntl_0_0_synth_1, design_1_ovo_7670_caputre_0_0_synth_1, design_1_ov7670_controller_0_0_synth_1, design_1_vga_0_0_synth_1, design_1_xlconstant_0_0_synth_1, synth_1...
Run output will be captured here:
design_1_cntl_0_0_synth_1: C:/Users/idowe/myProjects/FPGA-image-interpolator/OV7670_VGA/OV7670_VGA.runs/design_1_cntl_0_0_synth_1/runme.log
design_1_ovo_7670_caputre_0_0_synth_1: C:/Users/idowe/myProjects/FPGA-image-interpolator/OV7670_VGA/OV7670_VGA.runs/design_1_ovo_7670_caputre_0_0_synth_1/runme.log
design_1_ov7670_controller_0_0_synth_1: C:/Users/idowe/myProjects/FPGA-image-interpolator/OV7670_VGA/OV7670_VGA.runs/design_1_ov7670_controller_0_0_synth_1/runme.log
design_1_vga_0_0_synth_1: C:/Users/idowe/myProjects/FPGA-image-interpolator/OV7670_VGA/OV7670_VGA.runs/design_1_vga_0_0_synth_1/runme.log
design_1_xlconstant_0_0_synth_1: C:/Users/idowe/myProjects/FPGA-image-interpolator/OV7670_VGA/OV7670_VGA.runs/design_1_xlconstant_0_0_synth_1/runme.log
synth_1: C:/Users/idowe/myProjects/FPGA-image-interpolator/OV7670_VGA/OV7670_VGA.runs/synth_1/runme.log
[Wed Apr 16 22:37:03 2025] Launched impl_1...
Run output will be captured here: C:/Users/idowe/myProjects/FPGA-image-interpolator/OV7670_VGA/OV7670_VGA.runs/impl_1/runme.log
launch_runs: Time (s): cpu = 00:00:03 ; elapsed = 00:00:10 . Memory (MB): peak = 1264.051 ; gain = 39.332
delete_bd_objs [get_bd_nets xlconstant_0_dout] [get_bd_cells xlconstant_0]
update_compile_order -fileset sources_1
startgroup
make_bd_pins_external  [get_bd_pins clk_wiz_0/reset]
endgroup
set_property CONFIG.ASSOCIATED_RESET {reset_0} [get_bd_ports /clk_in1]
set_property CONFIG.POLARITY ACTIVE_LOW [get_bd_ports reset_0]
set_property CONFIG.POLARITY ACTIVE_LOW [get_bd_ports reset_0]
save_bd_design
Wrote  : <C:\Users\idowe\myProjects\FPGA-image-interpolator\OV7670_VGA\OV7670_VGA.srcs\sources_1\bd\design_1\design_1.bd> 
Wrote  : <C:/Users/idowe/myProjects/FPGA-image-interpolator/OV7670_VGA/OV7670_VGA.srcs/sources_1/bd/design_1/ui/bd_1f5defd0.ui> 
reset_run synth_1
launch_runs impl_1 -to_step write_bitstream -jobs 2
WARNING: [BD 41-2180] Resetting the memory initialization file of </blk_mem_gen_0> to default.
ERROR: [BD 41-238] Port/Pin property POLARITY does not match between /clk_wiz_0/reset(ACTIVE_HIGH) and /reset_0(ACTIVE_LOW)
WARNING: [BD 41-927] Following properties on pin /ov7670_controller_0/clk have been updated from connected ip. They may not be synchronized with cell properties. You can set property on pin directly to confirm the value and resolve the warning.
	PHASE=0.0 
WARNING: [BD 41-927] Following properties on pin /vga_0/pix_clk have been updated from connected ip. They may not be synchronized with cell properties. You can set property on pin directly to confirm the value and resolve the warning.
	PHASE=0.0 
ERROR: [BD 41-1031] Hdl Generation failed for the IP Integrator design C:/Users/idowe/myProjects/FPGA-image-interpolator/OV7670_VGA/OV7670_VGA.srcs/sources_1/bd/design_1/design_1.bd 
ERROR: [Vivado 12-4756] Launch of runs aborted due to earlier errors while preparing sub-designs for run execution.
save_bd_design
Wrote  : <C:\Users\idowe\myProjects\FPGA-image-interpolator\OV7670_VGA\OV7670_VGA.srcs\sources_1\bd\design_1\design_1.bd> 
Wrote  : <C:/Users/idowe/myProjects/FPGA-image-interpolator/OV7670_VGA/OV7670_VGA.srcs/sources_1/bd/design_1/ui/bd_1f5defd0.ui> 
launch_runs impl_1 -to_step write_bitstream -jobs 2
WARNING: [BD 41-2180] Resetting the memory initialization file of </blk_mem_gen_0> to default.
ERROR: [BD 41-238] Port/Pin property POLARITY does not match between /clk_wiz_0/reset(ACTIVE_HIGH) and /reset_0(ACTIVE_LOW)
WARNING: [BD 41-927] Following properties on pin /ov7670_controller_0/clk have been updated from connected ip. They may not be synchronized with cell properties. You can set property on pin directly to confirm the value and resolve the warning.
	PHASE=0.0 
WARNING: [BD 41-927] Following properties on pin /vga_0/pix_clk have been updated from connected ip. They may not be synchronized with cell properties. You can set property on pin directly to confirm the value and resolve the warning.
	PHASE=0.0 
ERROR: [BD 41-1031] Hdl Generation failed for the IP Integrator design C:/Users/idowe/myProjects/FPGA-image-interpolator/OV7670_VGA/OV7670_VGA.srcs/sources_1/bd/design_1/design_1.bd 
ERROR: [Vivado 12-4756] Launch of runs aborted due to earlier errors while preparing sub-designs for run execution.
make_wrapper -files [get_files C:/Users/idowe/myProjects/FPGA-image-interpolator/OV7670_VGA/OV7670_VGA.srcs/sources_1/bd/design_1/design_1.bd] -top
WARNING: [BD 41-2180] Resetting the memory initialization file of </blk_mem_gen_0> to default.
ERROR: [BD 41-238] Port/Pin property POLARITY does not match between /clk_wiz_0/reset(ACTIVE_HIGH) and /reset_0(ACTIVE_LOW)
WARNING: [BD 41-927] Following properties on pin /ov7670_controller_0/clk have been updated from connected ip. They may not be synchronized with cell properties. You can set property on pin directly to confirm the value and resolve the warning.
	PHASE=0.0 
WARNING: [BD 41-927] Following properties on pin /vga_0/pix_clk have been updated from connected ip. They may not be synchronized with cell properties. You can set property on pin directly to confirm the value and resolve the warning.
	PHASE=0.0 
ERROR: [BD 41-1031] Hdl Generation failed for the IP Integrator design C:/Users/idowe/myProjects/FPGA-image-interpolator/OV7670_VGA/OV7670_VGA.srcs/sources_1/bd/design_1/design_1.bd 
ERROR: [Common 17-39] 'make_wrapper' failed due to earlier errors.
validate_bd_design
WARNING: [BD 41-2180] Resetting the memory initialization file of </blk_mem_gen_0> to default.
ERROR: [BD 41-238] Port/Pin property POLARITY does not match between /clk_wiz_0/reset(ACTIVE_HIGH) and /reset_0(ACTIVE_LOW)
WARNING: [BD 41-927] Following properties on pin /ov7670_controller_0/clk have been updated from connected ip. They may not be synchronized with cell properties. You can set property on pin directly to confirm the value and resolve the warning.
	PHASE=0.0 
WARNING: [BD 41-927] Following properties on pin /vga_0/pix_clk have been updated from connected ip. They may not be synchronized with cell properties. You can set property on pin directly to confirm the value and resolve the warning.
	PHASE=0.0 
ERROR: [Common 17-39] 'validate_bd_design' failed due to earlier errors.
startgroup
set_property -dict [list CONFIG.RESET_TYPE {ACTIVE_LOW} CONFIG.RESET_PORT {resetn}] [get_bd_cells clk_wiz_0]
WARNING: [BD 41-1684] Pin /clk_wiz_0/reset is now disabled. All connections to this pin have been removed. 
delete_bd_objs [get_bd_nets reset_0_1]
endgroup
delete_bd_objs [get_bd_ports reset_0]
startgroup
make_bd_pins_external  [get_bd_pins clk_wiz_0/resetn]
endgroup
save_bd_design
Wrote  : <C:\Users\idowe\myProjects\FPGA-image-interpolator\OV7670_VGA\OV7670_VGA.srcs\sources_1\bd\design_1\design_1.bd> 
Wrote  : <C:/Users/idowe/myProjects/FPGA-image-interpolator/OV7670_VGA/OV7670_VGA.srcs/sources_1/bd/design_1/ui/bd_1f5defd0.ui> 
set_property name resetn [get_bd_ports resetn_0]
save_bd_design
Wrote  : <C:\Users\idowe\myProjects\FPGA-image-interpolator\OV7670_VGA\OV7670_VGA.srcs\sources_1\bd\design_1\design_1.bd> 
Wrote  : <C:/Users/idowe/myProjects/FPGA-image-interpolator/OV7670_VGA/OV7670_VGA.srcs/sources_1/bd/design_1/ui/bd_1f5defd0.ui> 
make_wrapper -files [get_files C:/Users/idowe/myProjects/FPGA-image-interpolator/OV7670_VGA/OV7670_VGA.srcs/sources_1/bd/design_1/design_1.bd] -top
WARNING: [BD 41-2121] Port clk_in1 associated reset port reset_0 does not exist
WARNING: [BD 41-2180] Resetting the memory initialization file of </blk_mem_gen_0> to default.
WARNING: [BD 41-927] Following properties on pin /ov7670_controller_0/clk have been updated from connected ip. They may not be synchronized with cell properties. You can set property on pin directly to confirm the value and resolve the warning.
	PHASE=0.0 
WARNING: [BD 41-927] Following properties on pin /vga_0/pix_clk have been updated from connected ip. They may not be synchronized with cell properties. You can set property on pin directly to confirm the value and resolve the warning.
	PHASE=0.0 
Wrote  : <C:\Users\idowe\myProjects\FPGA-image-interpolator\OV7670_VGA\OV7670_VGA.srcs\sources_1\bd\design_1\design_1.bd> 
VHDL Output written to : C:/Users/idowe/myProjects/FPGA-image-interpolator/OV7670_VGA/OV7670_VGA.srcs/sources_1/bd/design_1/synth/design_1.vhd
VHDL Output written to : C:/Users/idowe/myProjects/FPGA-image-interpolator/OV7670_VGA/OV7670_VGA.srcs/sources_1/bd/design_1/sim/design_1.vhd
VHDL Output written to : C:/Users/idowe/myProjects/FPGA-image-interpolator/OV7670_VGA/OV7670_VGA.srcs/sources_1/bd/design_1/hdl/design_1_wrapper.vhd
reset_run design_1_clk_wiz_0_0_synth_1
launch_runs impl_1 -to_step write_bitstream -jobs 2
INFO: [BD 41-1662] The design 'design_1.bd' is already validated. Therefore parameter propagation will not be re-run.
WARNING: [BD 41-2180] Resetting the memory initialization file of </blk_mem_gen_0> to default.
Wrote  : <C:\Users\idowe\myProjects\FPGA-image-interpolator\OV7670_VGA\OV7670_VGA.srcs\sources_1\bd\design_1\design_1.bd> 
VHDL Output written to : C:/Users/idowe/myProjects/FPGA-image-interpolator/OV7670_VGA/OV7670_VGA.srcs/sources_1/bd/design_1/synth/design_1.vhd
VHDL Output written to : C:/Users/idowe/myProjects/FPGA-image-interpolator/OV7670_VGA/OV7670_VGA.srcs/sources_1/bd/design_1/sim/design_1.vhd
VHDL Output written to : C:/Users/idowe/myProjects/FPGA-image-interpolator/OV7670_VGA/OV7670_VGA.srcs/sources_1/bd/design_1/hdl/design_1_wrapper.vhd
INFO: [BD 41-1029] Generation completed for the IP Integrator block ov7670_controller_0 .
INFO: [BD 41-1029] Generation completed for the IP Integrator block cntl_0 .
INFO: [BD 41-1029] Generation completed for the IP Integrator block ovo_7670_caputre_0 .
INFO: [BD 41-1029] Generation completed for the IP Integrator block vga_0 .
INFO: [BD 41-1029] Generation completed for the IP Integrator block blk_mem_gen_0 .
INFO: [BD 41-1029] Generation completed for the IP Integrator block clk_wiz_0 .
Exporting to file C:/Users/idowe/myProjects/FPGA-image-interpolator/OV7670_VGA/OV7670_VGA.srcs/sources_1/bd/design_1/hw_handoff/design_1.hwh
Generated Block Design Tcl file C:/Users/idowe/myProjects/FPGA-image-interpolator/OV7670_VGA/OV7670_VGA.srcs/sources_1/bd/design_1/hw_handoff/design_1_bd.tcl
Generated Hardware Definition File C:/Users/idowe/myProjects/FPGA-image-interpolator/OV7670_VGA/OV7670_VGA.srcs/sources_1/bd/design_1/synth/design_1.hwdef
[Wed Apr 16 22:46:37 2025] Launched design_1_clk_wiz_0_0_synth_1, synth_1...
Run output will be captured here:
design_1_clk_wiz_0_0_synth_1: C:/Users/idowe/myProjects/FPGA-image-interpolator/OV7670_VGA/OV7670_VGA.runs/design_1_clk_wiz_0_0_synth_1/runme.log
synth_1: C:/Users/idowe/myProjects/FPGA-image-interpolator/OV7670_VGA/OV7670_VGA.runs/synth_1/runme.log
[Wed Apr 16 22:46:38 2025] Launched impl_1...
Run output will be captured here: C:/Users/idowe/myProjects/FPGA-image-interpolator/OV7670_VGA/OV7670_VGA.runs/impl_1/runme.log
set_property location {2 684 405} [get_bd_cells vga_0]
open_bd_design {C:/Users/idowe/myProjects/FPGA-image-interpolator/OV7670_VGA/OV7670_VGA.srcs/sources_1/bd/design_1/design_1.bd}
make_wrapper -files [get_files C:/Users/idowe/myProjects/FPGA-image-interpolator/OV7670_VGA/OV7670_VGA.srcs/sources_1/bd/design_1/design_1.bd] -top
reset_run synth_1
launch_runs impl_1 -to_step write_bitstream -jobs 2
[Wed Apr 16 22:51:45 2025] Launched synth_1...
Run output will be captured here: C:/Users/idowe/myProjects/FPGA-image-interpolator/OV7670_VGA/OV7670_VGA.runs/synth_1/runme.log
[Wed Apr 16 22:51:45 2025] Launched impl_1...
Run output will be captured here: C:/Users/idowe/myProjects/FPGA-image-interpolator/OV7670_VGA/OV7670_VGA.runs/impl_1/runme.log
open_run impl_1
INFO: [Device 21-403] Loading part xc7a100tcsg324-1
Netlist sorting complete. Time (s): cpu = 00:00:00 ; elapsed = 00:00:00 . Memory (MB): peak = 1557.586 ; gain = 0.000
INFO: [Netlist 29-17] Analyzing 2 Unisim elements for replacement
INFO: [Netlist 29-28] Unisim Transformation completed in 0 CPU seconds
INFO: [Project 1-479] Netlist was created with Vivado 2019.2
INFO: [Project 1-570] Preparing netlist for logic optimization
WARNING: [Constraints 18-550] Could not create 'IBUF_LOW_PWR' constraint because net 'design_1_i/clk_wiz_0/clk_in1' is not directly connected to top level port. Synthesis is ignored for IBUF_LOW_PWR but preserved for implementation.
INFO: [Timing 38-478] Restoring timing data from binary archive.
INFO: [Common 17-41] Interrupt caught. Command should exit soon.
INFO: [Timing 38-479] Binary timing data restore complete.
INFO: [Project 1-856] Restoring constraints from binary archive.
INFO: [Project 1-853] Binary constraint restore complete.
Reading XDEF placement.
Reading placer database...
Reading XDEF routing.
Restored from archive | CPU: 0.000000 secs | Memory: 0.000000 MB |
Finished XDEF File Restore: Time (s): cpu = 00:00:00 ; elapsed = 00:00:00.009 . Memory (MB): peak = 2193.820 ; gain = 0.000
open_run: Time (s): cpu = 00:00:10 ; elapsed = 00:00:10 . Memory (MB): peak = 2193.820 ; gain = 667.828
INFO: [Common 17-344] 'open_run' was cancelled
startgroup
make_bd_pins_external  [get_bd_pins vga_0/vga_blue] [get_bd_pins vga_0/vga_red] [get_bd_pins vga_0/vga_V_sync] [get_bd_pins vga_0/VGA_H_sync] [get_bd_pins vga_0/vga_green]
endgroup
regenerate_bd_layout
set_property name VGA_H_sync [get_bd_ports VGA_H_sync_0]
set_property name vga_V_sync [get_bd_ports vga_V_sync_0]
set_property name vga_red [get_bd_ports vga_red_0]
save_bd_design
Wrote  : <C:\Users\idowe\myProjects\FPGA-image-interpolator\OV7670_VGA\OV7670_VGA.srcs\sources_1\bd\design_1\design_1.bd> 
Wrote  : <C:/Users/idowe/myProjects/FPGA-image-interpolator/OV7670_VGA/OV7670_VGA.srcs/sources_1/bd/design_1/ui/bd_1f5defd0.ui> 
set_property name vga_green [get_bd_ports vga_green_0]
set_property name vga_blue [get_bd_ports vga_blue_0]
validate_bd_design
WARNING: [BD 41-2121] Port clk_in1 associated reset port reset_0 does not exist
WARNING: [BD 41-2180] Resetting the memory initialization file of </blk_mem_gen_0> to default.
WARNING: [BD 41-927] Following properties on pin /ov7670_controller_0/clk have been updated from connected ip. They may not be synchronized with cell properties. You can set property on pin directly to confirm the value and resolve the warning.
	PHASE=0.0 
WARNING: [BD 41-927] Following properties on pin /vga_0/pix_clk have been updated from connected ip. They may not be synchronized with cell properties. You can set property on pin directly to confirm the value and resolve the warning.
	PHASE=0.0 
make_wrapper -files [get_files C:/Users/idowe/myProjects/FPGA-image-interpolator/OV7670_VGA/OV7670_VGA.srcs/sources_1/bd/design_1/design_1.bd] -top
INFO: [BD 41-1662] The design 'design_1.bd' is already validated. Therefore parameter propagation will not be re-run.
WARNING: [BD 41-2180] Resetting the memory initialization file of </blk_mem_gen_0> to default.
Wrote  : <C:\Users\idowe\myProjects\FPGA-image-interpolator\OV7670_VGA\OV7670_VGA.srcs\sources_1\bd\design_1\design_1.bd> 
Wrote  : <C:/Users/idowe/myProjects/FPGA-image-interpolator/OV7670_VGA/OV7670_VGA.srcs/sources_1/bd/design_1/ui/bd_1f5defd0.ui> 
VHDL Output written to : C:/Users/idowe/myProjects/FPGA-image-interpolator/OV7670_VGA/OV7670_VGA.srcs/sources_1/bd/design_1/synth/design_1.vhd
VHDL Output written to : C:/Users/idowe/myProjects/FPGA-image-interpolator/OV7670_VGA/OV7670_VGA.srcs/sources_1/bd/design_1/sim/design_1.vhd
VHDL Output written to : C:/Users/idowe/myProjects/FPGA-image-interpolator/OV7670_VGA/OV7670_VGA.srcs/sources_1/bd/design_1/hdl/design_1_wrapper.vhd
reset_run synth_1
launch_runs impl_1 -to_step write_bitstream -jobs 2
INFO: [BD 41-1662] The design 'design_1.bd' is already validated. Therefore parameter propagation will not be re-run.
WARNING: [BD 41-2180] Resetting the memory initialization file of </blk_mem_gen_0> to default.
Wrote  : <C:\Users\idowe\myProjects\FPGA-image-interpolator\OV7670_VGA\OV7670_VGA.srcs\sources_1\bd\design_1\design_1.bd> 
VHDL Output written to : C:/Users/idowe/myProjects/FPGA-image-interpolator/OV7670_VGA/OV7670_VGA.srcs/sources_1/bd/design_1/synth/design_1.vhd
VHDL Output written to : C:/Users/idowe/myProjects/FPGA-image-interpolator/OV7670_VGA/OV7670_VGA.srcs/sources_1/bd/design_1/sim/design_1.vhd
VHDL Output written to : C:/Users/idowe/myProjects/FPGA-image-interpolator/OV7670_VGA/OV7670_VGA.srcs/sources_1/bd/design_1/hdl/design_1_wrapper.vhd
INFO: [BD 41-1029] Generation completed for the IP Integrator block ov7670_controller_0 .
INFO: [BD 41-1029] Generation completed for the IP Integrator block cntl_0 .
INFO: [BD 41-1029] Generation completed for the IP Integrator block ovo_7670_caputre_0 .
INFO: [BD 41-1029] Generation completed for the IP Integrator block vga_0 .
INFO: [BD 41-1029] Generation completed for the IP Integrator block blk_mem_gen_0 .
INFO: [BD 41-1029] Generation completed for the IP Integrator block clk_wiz_0 .
Exporting to file C:/Users/idowe/myProjects/FPGA-image-interpolator/OV7670_VGA/OV7670_VGA.srcs/sources_1/bd/design_1/hw_handoff/design_1.hwh
Generated Block Design Tcl file C:/Users/idowe/myProjects/FPGA-image-interpolator/OV7670_VGA/OV7670_VGA.srcs/sources_1/bd/design_1/hw_handoff/design_1_bd.tcl
Generated Hardware Definition File C:/Users/idowe/myProjects/FPGA-image-interpolator/OV7670_VGA/OV7670_VGA.srcs/sources_1/bd/design_1/synth/design_1.hwdef
[Wed Apr 16 22:55:35 2025] Launched synth_1...
Run output will be captured here: C:/Users/idowe/myProjects/FPGA-image-interpolator/OV7670_VGA/OV7670_VGA.runs/synth_1/runme.log
[Wed Apr 16 22:55:35 2025] Launched impl_1...
Run output will be captured here: C:/Users/idowe/myProjects/FPGA-image-interpolator/OV7670_VGA/OV7670_VGA.runs/impl_1/runme.log
open_run impl_1
Netlist sorting complete. Time (s): cpu = 00:00:00 ; elapsed = 00:00:00.035 . Memory (MB): peak = 2193.820 ; gain = 0.000
INFO: [Netlist 29-17] Analyzing 300 Unisim elements for replacement
INFO: [Netlist 29-28] Unisim Transformation completed in 0 CPU seconds
INFO: [Project 1-479] Netlist was created with Vivado 2019.2
INFO: [Project 1-570] Preparing netlist for logic optimization
WARNING: [Constraints 18-550] Could not create 'IBUF_LOW_PWR' constraint because net 'design_1_i/clk_wiz_0/clk_in1' is not directly connected to top level port. Synthesis is ignored for IBUF_LOW_PWR but preserved for implementation.
INFO: [Timing 38-478] Restoring timing data from binary archive.
INFO: [Timing 38-479] Binary timing data restore complete.
INFO: [Project 1-856] Restoring constraints from binary archive.
INFO: [Project 1-853] Binary constraint restore complete.
Reading XDEF placement.
Reading placer database...
Reading XDEF routing.
Read XDEF File: Time (s): cpu = 00:00:00 ; elapsed = 00:00:00.224 . Memory (MB): peak = 2259.180 ; gain = 0.000
Restored from archive | CPU: 0.000000 secs | Memory: 0.000000 MB |
Finished XDEF File Restore: Time (s): cpu = 00:00:00 ; elapsed = 00:00:00.224 . Memory (MB): peak = 2259.180 ; gain = 0.000
Netlist sorting complete. Time (s): cpu = 00:00:00 ; elapsed = 00:00:00.001 . Memory (MB): peak = 2259.180 ; gain = 0.000
INFO: [Project 1-111] Unisim Transformation Summary:
No Unisim elements were transformed.

open_hw_manager
connect_hw_server -allow_non_jtag
INFO: [Labtools 27-2285] Connecting to hw_server url TCP:localhost:3121
INFO: [Labtools 27-2222] Launching hw_server...
INFO: [Labtools 27-2221] Launch Output:

****** Xilinx hw_server v2019.2
  **** Build date : Nov  6 2019 at 22:12:23
    ** Copyright 1986-2019 Xilinx, Inc. All Rights Reserved.


INFO: [Labtools 27-3415] Connecting to cs_server url TCP:localhost:3042
INFO: [Labtools 27-3417] Launching cs_server...
INFO: [Labtools 27-2221] Launch Output:


****** Xilinx cs_server v2019.2.0
  **** Build date : Nov 07 2019-07:28:22
    ** Copyright 2017-2019 Xilinx, Inc. All Rights Reserved.



connect_hw_server: Time (s): cpu = 00:00:00 ; elapsed = 00:00:06 . Memory (MB): peak = 2528.062 ; gain = 11.996
open_hw_target
INFO: [Labtoolstcl 44-466] Opening hw_target localhost:3121/xilinx_tcf/Digilent/210292BD0348A
set_property PROGRAM.FILE {C:/Users/idowe/myProjects/FPGA-image-interpolator/OV7670_VGA/OV7670_VGA.runs/impl_1/design_1_wrapper.bit} [get_hw_devices xc7a100t_0]
current_hw_device [get_hw_devices xc7a100t_0]
refresh_hw_device -update_hw_probes false [lindex [get_hw_devices xc7a100t_0] 0]
INFO: [Labtools 27-1434] Device xc7a100t (JTAG device index = 0) is programmed with a design that has no supported debug core(s) in it.
set_property PROBES.FILE {} [get_hw_devices xc7a100t_0]
set_property FULL_PROBES.FILE {} [get_hw_devices xc7a100t_0]
set_property PROGRAM.FILE {C:/Users/idowe/myProjects/FPGA-image-interpolator/OV7670_VGA/OV7670_VGA.runs/impl_1/design_1_wrapper.bit} [get_hw_devices xc7a100t_0]
program_hw_devices [get_hw_devices xc7a100t_0]
INFO: [Labtools 27-3164] End of startup status: HIGH
refresh_hw_device [lindex [get_hw_devices xc7a100t_0] 0]
INFO: [Labtools 27-1434] Device xc7a100t (JTAG device index = 0) is programmed with a design that has no supported debug core(s) in it.
close_hw_target {localhost:3121/xilinx_tcf/Digilent/210292BD0348A}
INFO: [Labtoolstcl 44-464] Closing hw_target localhost:3121/xilinx_tcf/Digilent/210292BD0348A
disconnect_hw_server localhost:3121
connect_hw_server -allow_non_jtag
INFO: [Labtools 27-2285] Connecting to hw_server url TCP:localhost:3121
INFO: [Labtools 27-3415] Connecting to cs_server url TCP:localhost:3042
INFO: [Labtools 27-3414] Connected to existing cs_server.
open_hw_target
INFO: [Labtoolstcl 44-466] Opening hw_target localhost:3121/xilinx_tcf/Digilent/210292BD0348A
set_property PROGRAM.FILE {C:/Users/idowe/myProjects/FPGA-image-interpolator/OV7670_VGA/OV7670_VGA.runs/impl_1/design_1_wrapper.bit} [get_hw_devices xc7a100t_0]
current_hw_device [get_hw_devices xc7a100t_0]
refresh_hw_device -update_hw_probes false [lindex [get_hw_devices xc7a100t_0] 0]
INFO: [Labtools 27-1434] Device xc7a100t (JTAG device index = 0) is programmed with a design that has no supported debug core(s) in it.
set_property PROBES.FILE {} [get_hw_devices xc7a100t_0]
set_property FULL_PROBES.FILE {} [get_hw_devices xc7a100t_0]
set_property PROGRAM.FILE {C:/Users/idowe/myProjects/FPGA-image-interpolator/OV7670_VGA/OV7670_VGA.runs/impl_1/design_1_wrapper.bit} [get_hw_devices xc7a100t_0]
program_hw_devices [get_hw_devices xc7a100t_0]
INFO: [Labtools 27-3164] End of startup status: HIGH
refresh_hw_device [lindex [get_hw_devices xc7a100t_0] 0]
INFO: [Labtools 27-1434] Device xc7a100t (JTAG device index = 0) is programmed with a design that has no supported debug core(s) in it.
close_hw_manager
open_bd_design {C:/Users/idowe/myProjects/FPGA-image-interpolator/OV7670_VGA/OV7670_VGA.srcs/sources_1/bd/design_1/design_1.bd}
startgroup
set_property -dict [list CONFIG.CLKOUT1_REQUESTED_OUT_FREQ {148.5} CONFIG.MMCM_CLKFBOUT_MULT_F {6.500} CONFIG.MMCM_CLKOUT0_DIVIDE_F {4.375} CONFIG.MMCM_CLKOUT1_DIVIDE {26} CONFIG.CLKOUT1_JITTER {134.463} CONFIG.CLKOUT1_PHASE_ERROR {124.502} CONFIG.CLKOUT2_JITTER {193.109} CONFIG.CLKOUT2_PHASE_ERROR {124.502}] [get_bd_cells clk_wiz_0]
endgroup
save_bd_design
Wrote  : <C:\Users\idowe\myProjects\FPGA-image-interpolator\OV7670_VGA\OV7670_VGA.srcs\sources_1\bd\design_1\design_1.bd> 
update_module_reference design_1_vga_0_0
INFO: [IP_Flow 19-5107] Inferred bus interface 'pix_clk' of definition 'xilinx.com:signal:clock:1.0' (from Xilinx Repository).
WARNING: [IP_Flow 19-3153] Bus Interface 'pix_clk': ASSOCIATED_BUSIF bus parameter is missing.
INFO: [IP_Flow 19-234] Refreshing IP repositories
INFO: [IP_Flow 19-1704] No user IP repositories specified
Upgrading 'C:/Users/idowe/myProjects/FPGA-image-interpolator/OV7670_VGA/OV7670_VGA.srcs/sources_1/bd/design_1/design_1.bd'
INFO: [IP_Flow 19-1972] Upgraded design_1_vga_0_0 from vga_v1_0 1.0 to vga_v1_0 1.0
Wrote  : <C:\Users\idowe\myProjects\FPGA-image-interpolator\OV7670_VGA\OV7670_VGA.srcs\sources_1\bd\design_1\design_1.bd> 
Wrote  : <C:/Users/idowe/myProjects/FPGA-image-interpolator/OV7670_VGA/OV7670_VGA.srcs/sources_1/bd/design_1/ui/bd_1f5defd0.ui> 
update_module_reference: Time (s): cpu = 00:00:02 ; elapsed = 00:00:14 . Memory (MB): peak = 3807.270 ; gain = 14.859
make_wrapper -files [get_files C:/Users/idowe/myProjects/FPGA-image-interpolator/OV7670_VGA/OV7670_VGA.srcs/sources_1/bd/design_1/design_1.bd] -top
WARNING: [BD 41-2121] Port clk_in1 associated reset port reset_0 does not exist
WARNING: [BD 41-2180] Resetting the memory initialization file of </blk_mem_gen_0> to default.
WARNING: [BD 41-927] Following properties on pin /ov7670_controller_0/clk have been updated from connected ip. They may not be synchronized with cell properties. You can set property on pin directly to confirm the value and resolve the warning.
	PHASE=0.0 
WARNING: [BD 41-927] Following properties on pin /vga_0/pix_clk have been updated from connected ip. They may not be synchronized with cell properties. You can set property on pin directly to confirm the value and resolve the warning.
	PHASE=0.0 
Wrote  : <C:\Users\idowe\myProjects\FPGA-image-interpolator\OV7670_VGA\OV7670_VGA.srcs\sources_1\bd\design_1\design_1.bd> 
VHDL Output written to : C:/Users/idowe/myProjects/FPGA-image-interpolator/OV7670_VGA/OV7670_VGA.srcs/sources_1/bd/design_1/synth/design_1.vhd
VHDL Output written to : C:/Users/idowe/myProjects/FPGA-image-interpolator/OV7670_VGA/OV7670_VGA.srcs/sources_1/bd/design_1/sim/design_1.vhd
VHDL Output written to : C:/Users/idowe/myProjects/FPGA-image-interpolator/OV7670_VGA/OV7670_VGA.srcs/sources_1/bd/design_1/hdl/design_1_wrapper.vhd
reset_run synth_1
reset_run design_1_clk_wiz_0_0_synth_1
launch_runs impl_1 -to_step write_bitstream -jobs 2
INFO: [BD 41-1662] The design 'design_1.bd' is already validated. Therefore parameter propagation will not be re-run.
WARNING: [BD 41-2180] Resetting the memory initialization file of </blk_mem_gen_0> to default.
Wrote  : <C:\Users\idowe\myProjects\FPGA-image-interpolator\OV7670_VGA\OV7670_VGA.srcs\sources_1\bd\design_1\design_1.bd> 
Wrote  : <C:/Users/idowe/myProjects/FPGA-image-interpolator/OV7670_VGA/OV7670_VGA.srcs/sources_1/bd/design_1/ui/bd_1f5defd0.ui> 
VHDL Output written to : C:/Users/idowe/myProjects/FPGA-image-interpolator/OV7670_VGA/OV7670_VGA.srcs/sources_1/bd/design_1/synth/design_1.vhd
VHDL Output written to : C:/Users/idowe/myProjects/FPGA-image-interpolator/OV7670_VGA/OV7670_VGA.srcs/sources_1/bd/design_1/sim/design_1.vhd
VHDL Output written to : C:/Users/idowe/myProjects/FPGA-image-interpolator/OV7670_VGA/OV7670_VGA.srcs/sources_1/bd/design_1/hdl/design_1_wrapper.vhd
INFO: [BD 41-1029] Generation completed for the IP Integrator block ov7670_controller_0 .
INFO: [BD 41-1029] Generation completed for the IP Integrator block cntl_0 .
INFO: [BD 41-1029] Generation completed for the IP Integrator block ovo_7670_caputre_0 .
INFO: [BD 41-1029] Generation completed for the IP Integrator block vga_0 .
INFO: [BD 41-1029] Generation completed for the IP Integrator block blk_mem_gen_0 .
INFO: [BD 41-1029] Generation completed for the IP Integrator block clk_wiz_0 .
Exporting to file C:/Users/idowe/myProjects/FPGA-image-interpolator/OV7670_VGA/OV7670_VGA.srcs/sources_1/bd/design_1/hw_handoff/design_1.hwh
Generated Block Design Tcl file C:/Users/idowe/myProjects/FPGA-image-interpolator/OV7670_VGA/OV7670_VGA.srcs/sources_1/bd/design_1/hw_handoff/design_1_bd.tcl
Generated Hardware Definition File C:/Users/idowe/myProjects/FPGA-image-interpolator/OV7670_VGA/OV7670_VGA.srcs/sources_1/bd/design_1/synth/design_1.hwdef
[Wed Apr 16 23:13:10 2025] Launched design_1_clk_wiz_0_0_synth_1, design_1_vga_0_0_synth_1, synth_1...
Run output will be captured here:
design_1_clk_wiz_0_0_synth_1: C:/Users/idowe/myProjects/FPGA-image-interpolator/OV7670_VGA/OV7670_VGA.runs/design_1_clk_wiz_0_0_synth_1/runme.log
design_1_vga_0_0_synth_1: C:/Users/idowe/myProjects/FPGA-image-interpolator/OV7670_VGA/OV7670_VGA.runs/design_1_vga_0_0_synth_1/runme.log
synth_1: C:/Users/idowe/myProjects/FPGA-image-interpolator/OV7670_VGA/OV7670_VGA.runs/synth_1/runme.log
[Wed Apr 16 23:13:10 2025] Launched impl_1...
Run output will be captured here: C:/Users/idowe/myProjects/FPGA-image-interpolator/OV7670_VGA/OV7670_VGA.runs/impl_1/runme.log
open_hw_manager
connect_hw_server -allow_non_jtag
INFO: [Labtools 27-2285] Connecting to hw_server url TCP:localhost:3121
INFO: [Labtools 27-2222] Launching hw_server...
INFO: [Labtools 27-2221] Launch Output:

****** Xilinx hw_server v2019.2
  **** Build date : Nov  6 2019 at 22:12:23
    ** Copyright 1986-2019 Xilinx, Inc. All Rights Reserved.


INFO: [Labtools 27-3415] Connecting to cs_server url TCP:localhost:3042
INFO: [Labtools 27-3417] Launching cs_server...
INFO: [Labtools 27-2221] Launch Output:


****** Xilinx cs_server v2019.2.0
  **** Build date : Nov 07 2019-07:28:22
    ** Copyright 2017-2019 Xilinx, Inc. All Rights Reserved.



connect_hw_server: Time (s): cpu = 00:00:00 ; elapsed = 00:00:06 . Memory (MB): peak = 3878.363 ; gain = 0.000
open_hw_target
INFO: [Labtoolstcl 44-466] Opening hw_target localhost:3121/xilinx_tcf/Digilent/210292BD0348A
set_property PROGRAM.FILE {C:/Users/idowe/myProjects/FPGA-image-interpolator/OV7670_VGA/OV7670_VGA.runs/impl_1/design_1_wrapper.bit} [get_hw_devices xc7a100t_0]
current_hw_device [get_hw_devices xc7a100t_0]
refresh_hw_device -update_hw_probes false [lindex [get_hw_devices xc7a100t_0] 0]
INFO: [Labtools 27-1434] Device xc7a100t (JTAG device index = 0) is programmed with a design that has no supported debug core(s) in it.
set_property PROBES.FILE {} [get_hw_devices xc7a100t_0]
set_property FULL_PROBES.FILE {} [get_hw_devices xc7a100t_0]
set_property PROGRAM.FILE {C:/Users/idowe/myProjects/FPGA-image-interpolator/OV7670_VGA/OV7670_VGA.runs/impl_1/design_1_wrapper.bit} [get_hw_devices xc7a100t_0]
program_hw_devices [get_hw_devices xc7a100t_0]
INFO: [Labtools 27-3164] End of startup status: HIGH
refresh_hw_device [lindex [get_hw_devices xc7a100t_0] 0]
INFO: [Labtools 27-1434] Device xc7a100t (JTAG device index = 0) is programmed with a design that has no supported debug core(s) in it.
exit
INFO: [Common 17-206] Exiting Vivado at Wed Apr 16 23:27:50 2025...
